###############################################################################
#
# IAR ELF Linker V8.40.2.214/W32 for ARM                  23/May/2023  14:22:05
# Copyright 2007-2019 IAR Systems AB.
#
#    Output file  =
#        D:\STM32\thuchanhHK2\stm32f205vct6_source\EWARM\stm32f205vct6_source\Exe\stm32f205vct6_source.out
#    Map file     =
#        D:\STM32\thuchanhHK2\stm32f205vct6_source\EWARM\stm32f205vct6_source\List\stm32f205vct6_source.map
#    Command line =
#        -f C:\Users\84921\AppData\Local\Temp\EWE1EB.tmp
#        (D:\STM32\thuchanhHK2\stm32f205vct6_source\EWARM\stm32f205vct6_source\Obj\clock.o
#        D:\STM32\thuchanhHK2\stm32f205vct6_source\EWARM\stm32f205vct6_source\Obj\gpio.o
#        D:\STM32\thuchanhHK2\stm32f205vct6_source\EWARM\stm32f205vct6_source\Obj\main.o
#        D:\STM32\thuchanhHK2\stm32f205vct6_source\EWARM\stm32f205vct6_source\Obj\startup_stm32f205xx.o
#        D:\STM32\thuchanhHK2\stm32f205vct6_source\EWARM\stm32f205vct6_source\Obj\stm32f2xx_hal.o
#        D:\STM32\thuchanhHK2\stm32f205vct6_source\EWARM\stm32f205vct6_source\Obj\stm32f2xx_hal_cortex.o
#        D:\STM32\thuchanhHK2\stm32f205vct6_source\EWARM\stm32f205vct6_source\Obj\stm32f2xx_hal_dma.o
#        D:\STM32\thuchanhHK2\stm32f205vct6_source\EWARM\stm32f205vct6_source\Obj\stm32f2xx_hal_dma_ex.o
#        D:\STM32\thuchanhHK2\stm32f205vct6_source\EWARM\stm32f205vct6_source\Obj\stm32f2xx_hal_exti.o
#        D:\STM32\thuchanhHK2\stm32f205vct6_source\EWARM\stm32f205vct6_source\Obj\stm32f2xx_hal_flash.o
#        D:\STM32\thuchanhHK2\stm32f205vct6_source\EWARM\stm32f205vct6_source\Obj\stm32f2xx_hal_flash_ex.o
#        D:\STM32\thuchanhHK2\stm32f205vct6_source\EWARM\stm32f205vct6_source\Obj\stm32f2xx_hal_gpio.o
#        D:\STM32\thuchanhHK2\stm32f205vct6_source\EWARM\stm32f205vct6_source\Obj\stm32f2xx_hal_msp.o
#        D:\STM32\thuchanhHK2\stm32f205vct6_source\EWARM\stm32f205vct6_source\Obj\stm32f2xx_hal_pwr.o
#        D:\STM32\thuchanhHK2\stm32f205vct6_source\EWARM\stm32f205vct6_source\Obj\stm32f2xx_hal_pwr_ex.o
#        D:\STM32\thuchanhHK2\stm32f205vct6_source\EWARM\stm32f205vct6_source\Obj\stm32f2xx_hal_rcc.o
#        D:\STM32\thuchanhHK2\stm32f205vct6_source\EWARM\stm32f205vct6_source\Obj\stm32f2xx_hal_rcc_ex.o
#        D:\STM32\thuchanhHK2\stm32f205vct6_source\EWARM\stm32f205vct6_source\Obj\stm32f2xx_hal_tim.o
#        D:\STM32\thuchanhHK2\stm32f205vct6_source\EWARM\stm32f205vct6_source\Obj\stm32f2xx_hal_tim_ex.o
#        D:\STM32\thuchanhHK2\stm32f205vct6_source\EWARM\stm32f205vct6_source\Obj\stm32f2xx_it.o
#        D:\STM32\thuchanhHK2\stm32f205vct6_source\EWARM\stm32f205vct6_source\Obj\system_stm32f2xx.o
#        D:\STM32\thuchanhHK2\stm32f205vct6_source\EWARM\stm32f205vct6_source\Obj\timer.o
#        D:\STM32\thuchanhHK2\stm32f205vct6_source\EWARM\stm32f205vct6_source\Obj\uart.o
#        --redirect _Printf=_PrintfFull --redirect _Scanf=_ScanfFull
#        --no_out_extension -o
#        D:\STM32\thuchanhHK2\stm32f205vct6_source\EWARM\stm32f205vct6_source\Exe\stm32f205vct6_source.out
#        --map
#        D:\STM32\thuchanhHK2\stm32f205vct6_source\EWARM\stm32f205vct6_source\List\stm32f205vct6_source.map
#        --config
#        D:\STM32\thuchanhHK2\stm32f205vct6_source\EWARM/stm32f205xx_flash.icf
#        --semihosting --entry __iar_program_start --vfe --text_out locale)
#
###############################################################################

*******************************************************************************
*** RUNTIME MODEL ATTRIBUTES
***

CppFlavor       = *
__SystemLibrary = DLib
__dlib_version  = 6


*******************************************************************************
*** HEAP SELECTION
***

The basic heap was selected because no calls to memory allocation
functions were found in the application outside of system library
functions, and there are calls to deallocation functions in the
application.


*******************************************************************************
*** PLACEMENT SUMMARY
***

"A0":  place at address 0x800'0000 { ro section .intvec };
"P1":  place in [from 0x800'0000 to 0x80f'ffff] { ro };
define block CSTACK with size = 1K, alignment = 8 { };
define block HEAP with size = 512, alignment = 8 { };
"P2":  place in [from 0x2000'0000 to 0x2002'0000] {
          rw, block CSTACK, block HEAP };
initialize by copy { rw };

  Section            Kind         Address   Size  Object
  -------            ----         -------   ----  ------
"A0":                                      0x184
  .intvec            ro code   0x800'0000  0x184  startup_stm32f205xx.o [1]
                             - 0x800'0184  0x184

"P1":                                      0xd7d
  .text              ro code   0x800'0184  0x45c  stm32f2xx_hal_rcc.o [1]
  .text              ro code   0x800'05e0    0xc  stm32f2xx_hal.o [1]
  .text              ro code   0x800'05ec   0x40  stm32f2xx_hal.o [1]
  .text              ro code   0x800'062c  0x106  I64DivMod_small.o [3]
  .text              ro code   0x800'0734   0xac  stm32f2xx_hal_cortex.o [1]
  .text              ro code   0x800'07e0    0x2  I64DivZer.o [3]
  .text              ro code   0x800'07e4  0x1ba  main.o [1]
  .text              ro code   0x800'099e   0x78  gpio.o [1]
  .text              ro code   0x800'0a18   0xb0  uart.o [1]
  .text              ro code   0x800'0ac8   0x34  stm32f2xx_hal.o [1]
  .text              ro code   0x800'0afc   0x98  clock.o [1]
  .text              ro code   0x800'0b94   0x78  timer.o [1]
  .text              ro code   0x800'0c0c   0x38  stm32f2xx_hal_msp.o [1]
  .text              ro code   0x800'0c44   0x14  memset.o [3]
  .text              ro code   0x800'0c58   0x66  ABImemset.o [3]
  .text              ro code   0x800'0cbe   0x38  packbits_init_single.o [3]
  .text              ro code   0x800'0cf8   0x28  data_init.o [3]
  .iar.init_table    const     0x800'0d20   0x10  - Linker created -
  .text              ro code   0x800'0d30   0x1e  cmain.o [3]
  .text              ro code   0x800'0d4e    0x4  low_level_init.o [2]
  .text              ro code   0x800'0d52    0x4  exit.o [2]
  .text              ro code   0x800'0d58    0xa  cexit.o [3]
  .text              ro code   0x800'0d64   0x14  exit.o [4]
  .text              ro code   0x800'0d78   0x14  stm32f2xx_it.o [1]
  .text              ro code   0x800'0d8c   0x10  stm32f2xx_hal.o [1]
  .text              ro code   0x800'0d9c   0x14  system_stm32f2xx.o [1]
  .text              ro code   0x800'0db0   0x10  startup_stm32f205xx.o [1]
  .text              ro code   0x800'0dc0    0xc  cstartup_M.o [3]
  .text              ro code   0x800'0dcc    0x4  startup_stm32f205xx.o [1]
  .text              ro code   0x800'0dd0    0x4  startup_stm32f205xx.o [1]
  .text              ro code   0x800'0dd4    0x4  startup_stm32f205xx.o [1]
  .text              ro code   0x800'0dd8    0x4  startup_stm32f205xx.o [1]
  .text              ro code   0x800'0ddc    0x4  startup_stm32f205xx.o [1]
  .text              ro code   0x800'0de0    0x4  startup_stm32f205xx.o [1]
  .text              ro code   0x800'0de4    0x4  startup_stm32f205xx.o [1]
  .text              ro code   0x800'0de8    0x4  startup_stm32f205xx.o [1]
  .text              ro code   0x800'0dec    0x4  startup_stm32f205xx.o [1]
  .text              ro code   0x800'0df0    0x4  startup_stm32f205xx.o [1]
  .text              ro code   0x800'0df4    0x4  startup_stm32f205xx.o [1]
  .text              ro code   0x800'0df8    0x4  startup_stm32f205xx.o [1]
  .text              ro code   0x800'0dfc    0x4  startup_stm32f205xx.o [1]
  .text              ro code   0x800'0e00    0x4  startup_stm32f205xx.o [1]
  .text              ro code   0x800'0e04    0x4  startup_stm32f205xx.o [1]
  .text              ro code   0x800'0e08    0x4  startup_stm32f205xx.o [1]
  .text              ro code   0x800'0e0c    0x4  startup_stm32f205xx.o [1]
  .text              ro code   0x800'0e10    0x4  startup_stm32f205xx.o [1]
  .text              ro code   0x800'0e14    0x4  startup_stm32f205xx.o [1]
  .text              ro code   0x800'0e18    0x4  startup_stm32f205xx.o [1]
  .text              ro code   0x800'0e1c    0x4  startup_stm32f205xx.o [1]
  .text              ro code   0x800'0e20    0x4  startup_stm32f205xx.o [1]
  .text              ro code   0x800'0e24    0x4  startup_stm32f205xx.o [1]
  .text              ro code   0x800'0e28    0x4  startup_stm32f205xx.o [1]
  .text              ro code   0x800'0e2c    0x4  startup_stm32f205xx.o [1]
  .text              ro code   0x800'0e30    0x4  startup_stm32f205xx.o [1]
  .text              ro code   0x800'0e34    0x4  startup_stm32f205xx.o [1]
  .text              ro code   0x800'0e38    0x4  startup_stm32f205xx.o [1]
  .text              ro code   0x800'0e3c    0x4  startup_stm32f205xx.o [1]
  .text              ro code   0x800'0e40    0x4  startup_stm32f205xx.o [1]
  .text              ro code   0x800'0e44    0x4  startup_stm32f205xx.o [1]
  .text              ro code   0x800'0e48    0x4  startup_stm32f205xx.o [1]
  .text              ro code   0x800'0e4c    0x4  startup_stm32f205xx.o [1]
  .text              ro code   0x800'0e50    0x4  startup_stm32f205xx.o [1]
  .text              ro code   0x800'0e54    0x4  startup_stm32f205xx.o [1]
  .text              ro code   0x800'0e58    0x4  startup_stm32f205xx.o [1]
  .text              ro code   0x800'0e5c    0x4  startup_stm32f205xx.o [1]
  .text              ro code   0x800'0e60    0x4  startup_stm32f205xx.o [1]
  .text              ro code   0x800'0e64    0x4  startup_stm32f205xx.o [1]
  .text              ro code   0x800'0e68    0x4  startup_stm32f205xx.o [1]
  .text              ro code   0x800'0e6c    0x4  startup_stm32f205xx.o [1]
  .text              ro code   0x800'0e70    0x4  startup_stm32f205xx.o [1]
  .text              ro code   0x800'0e74    0x4  startup_stm32f205xx.o [1]
  .text              ro code   0x800'0e78    0x4  startup_stm32f205xx.o [1]
  .text              ro code   0x800'0e7c    0x4  startup_stm32f205xx.o [1]
  .text              ro code   0x800'0e80    0x4  startup_stm32f205xx.o [1]
  .text              ro code   0x800'0e84    0x4  startup_stm32f205xx.o [1]
  .text              ro code   0x800'0e88    0x4  startup_stm32f205xx.o [1]
  .text              ro code   0x800'0e8c    0x4  startup_stm32f205xx.o [1]
  .text              ro code   0x800'0e90    0x4  startup_stm32f205xx.o [1]
  .text              ro code   0x800'0e94    0x4  startup_stm32f205xx.o [1]
  .text              ro code   0x800'0e98    0x4  startup_stm32f205xx.o [1]
  .text              ro code   0x800'0e9c    0x4  startup_stm32f205xx.o [1]
  .text              ro code   0x800'0ea0    0x4  startup_stm32f205xx.o [1]
  .text              ro code   0x800'0ea4    0x4  startup_stm32f205xx.o [1]
  .text              ro code   0x800'0ea8    0x4  startup_stm32f205xx.o [1]
  .text              ro code   0x800'0eac    0x4  startup_stm32f205xx.o [1]
  .text              ro code   0x800'0eb0    0x4  startup_stm32f205xx.o [1]
  .text              ro code   0x800'0eb4    0x4  startup_stm32f205xx.o [1]
  .text              ro code   0x800'0eb8    0x4  startup_stm32f205xx.o [1]
  .text              ro code   0x800'0ebc    0x4  startup_stm32f205xx.o [1]
  .text              ro code   0x800'0ec0    0x4  startup_stm32f205xx.o [1]
  .text              ro code   0x800'0ec4    0x4  startup_stm32f205xx.o [1]
  .text              ro code   0x800'0ec8    0x4  startup_stm32f205xx.o [1]
  .text              ro code   0x800'0ecc    0x4  startup_stm32f205xx.o [1]
  .text              ro code   0x800'0ed0    0x4  startup_stm32f205xx.o [1]
  .text              ro code   0x800'0ed4    0x4  startup_stm32f205xx.o [1]
  .text              ro code   0x800'0ed8    0x4  startup_stm32f205xx.o [1]
  .text              ro code   0x800'0edc    0x4  startup_stm32f205xx.o [1]
  .text              ro code   0x800'0ee0    0x4  startup_stm32f205xx.o [1]
  .text              ro code   0x800'0ee4    0x4  startup_stm32f205xx.o [1]
  .text              ro code   0x800'0ee8    0x4  startup_stm32f205xx.o [1]
  .text              ro code   0x800'0eec    0x4  startup_stm32f205xx.o [1]
  .text              ro code   0x800'0ef0    0x4  startup_stm32f205xx.o [1]
  .rodata            const     0x800'0ef4    0x0  packbits_init_single.o [3]
  Initializer bytes  const     0x800'0ef4    0xd  <for P2-1>
                             - 0x800'0f01  0xd7d

"P2", part 1 of 2:                          0x24
  P2-1                        0x2000'0000   0x24  <Init block>
    .data            inited   0x2000'0000    0xc  stm32f2xx_hal.o [1]
    .data            inited   0x2000'000c    0x4  system_stm32f2xx.o [1]
    .bss             inited   0x2000'0010    0x4  main.o [1]
    .bss             inited   0x2000'0014   0x10  main.o [1]
                            - 0x2000'0024   0x24

"P2", part 2 of 2:                         0x400
  CSTACK                      0x2000'0028  0x400  <Block>
    CSTACK           uninit   0x2000'0028  0x400  <Block tail>
                            - 0x2000'0428  0x400

Unused ranges:

         From           To      Size
         ----           --      ----
   0x800'0f01   0x80f'ffff  0xf'f0ff
  0x2000'0024  0x2000'0027       0x4
  0x2000'0428  0x2002'0000  0x1'fbd9


*******************************************************************************
*** INIT TABLE
***

          Address      Size
          -------      ----
Copy/packbits (__iar_packbits_init_single3)
    1 source range, total size 0xd (36% of destination):
           0x800'0ef4   0xd
    1 destination range, total size 0x24:
          0x2000'0000  0x24



*******************************************************************************
*** MODULE SUMMARY
***

    Module                  ro code  ro data  rw data
    ------                  -------  -------  -------
command line/config:
    -------------------------------------------------
    Total:

D:\STM32\thuchanhHK2\stm32f205vct6_source\EWARM\stm32f205vct6_source\Obj: [1]
    clock.o                     152
    gpio.o                      120
    main.o                      442        8       20
    startup_stm32f205xx.o       700
    stm32f2xx_hal.o             144        4       12
    stm32f2xx_hal_cortex.o      172
    stm32f2xx_hal_msp.o          56
    stm32f2xx_hal_rcc.o       1'116
    stm32f2xx_it.o               20
    system_stm32f2xx.o           20        1        4
    timer.o                     120
    uart.o                      176
    -------------------------------------------------
    Total:                    3'238       13       36

dl7M_tlf.a: [2]
    exit.o                        4
    low_level_init.o              4
    -------------------------------------------------
    Total:                        8

rt7M_tl.a: [3]
    ABImemset.o                 102
    I64DivMod_small.o           262
    I64DivZer.o                   2
    cexit.o                      10
    cmain.o                      30
    cstartup_M.o                 12
    data_init.o                  40
    memset.o                     20
    packbits_init_single.o       56
    -------------------------------------------------
    Total:                      534

shb_l.a: [4]
    exit.o                       20
    -------------------------------------------------
    Total:                       20

    Gaps                         12
    Linker created                        16    1'024
-----------------------------------------------------
    Grand Total:              3'812       29    1'060


*******************************************************************************
*** ENTRY LIST
***

Entry                       Address   Size  Type      Object
-----                       -------   ----  ----      ------
.iar.init_table$$Base    0x800'0d20          --   Gb  - Linker created -
.iar.init_table$$Limit   0x800'0d30          --   Gb  - Linker created -
?main                    0x800'0d31         Code  Gb  cmain.o [3]
AHBPrescTable            0x800'0da0   0x10  Data  Gb  system_stm32f2xx.o [1]
BusFault_Handler         0x800'0d7f    0x2  Code  Gb  stm32f2xx_it.o [1]
CSTACK$$Base            0x2000'0028          --   Gb  - Linker created -
CSTACK$$Limit           0x2000'0428          --   Gb  - Linker created -
DebugMon_Handler         0x800'0d85    0x2  Code  Gb  stm32f2xx_it.o [1]
HAL_GetTick              0x800'05e1    0xc  Code  Wk  stm32f2xx_hal.o [1]
HAL_IncTick              0x800'0d8d   0x10  Code  Wk  stm32f2xx_hal.o [1]
HAL_Init                 0x800'0ac9   0x30  Code  Gb  stm32f2xx_hal.o [1]
HAL_InitTick             0x800'05ed   0x40  Code  Wk  stm32f2xx_hal.o [1]
HAL_MspInit              0x800'0c0d   0x38  Code  Gb  stm32f2xx_hal_msp.o [1]
HAL_NVIC_SetPriority     0x800'0769   0x3a  Code  Gb  stm32f2xx_hal_cortex.o [1]
HAL_NVIC_SetPriorityGrouping
                         0x800'074f   0x1a  Code  Gb  stm32f2xx_hal_cortex.o [1]
HAL_RCC_ClockConfig      0x800'044d   0xf6  Code  Gb  stm32f2xx_hal_rcc.o [1]
HAL_RCC_GetSysClockFreq
                         0x800'0557   0x54  Code  Gb  stm32f2xx_hal_rcc.o [1]
HAL_RCC_OscConfig        0x800'0185  0x2be  Code  Gb  stm32f2xx_hal_rcc.o [1]
HAL_SYSTICK_Config       0x800'07a3   0x28  Code  Gb  stm32f2xx_hal_cortex.o [1]
HardFault_Handler        0x800'0d7b    0x2  Code  Gb  stm32f2xx_it.o [1]
MemManage_Handler        0x800'0d7d    0x2  Code  Gb  stm32f2xx_it.o [1]
NMI_Handler              0x800'0d79    0x2  Code  Gb  stm32f2xx_it.o [1]
PendSV_Handler           0x800'0d87    0x2  Code  Gb  stm32f2xx_it.o [1]
Region$$Table$$Base      0x800'0d20          --   Gb  - Linker created -
Region$$Table$$Limit     0x800'0d30          --   Gb  - Linker created -
SVC_Handler              0x800'0d83    0x2  Code  Gb  stm32f2xx_it.o [1]
SysTick_Handler          0x800'0d89    0x4  Code  Gb  stm32f2xx_it.o [1]
SystemClock_Config       0x800'0b41   0x50  Code  Gb  clock.o [1]
SystemCoreClock         0x2000'000c    0x4  Data  Gb  system_stm32f2xx.o [1]
SystemInit               0x800'0d9d    0x2  Code  Gb  system_stm32f2xx.o [1]
TIM1_UP_TIM10_IRQHandler
                         0x800'07e5   0x38  Code  Gb  main.o [1]
TIM2_IRQHandler          0x800'081d   0x2e  Code  Gb  main.o [1]
USART2_IRQHandler        0x800'084b   0x44  Code  Gb  main.o [1]
Uart2                   0x2000'0014    0x8  Data  Gb  main.o [1]
UsageFault_Handler       0x800'0d81    0x2  Code  Gb  stm32f2xx_it.o [1]
__NVIC_SetPriority       0x800'0735   0x1a  Code  Lc  stm32f2xx_hal_cortex.o [1]
__aeabi_ldiv0            0x800'07e1         Code  Gb  I64DivZer.o [3]
__aeabi_memset           0x800'0c59         Code  Gb  ABImemset.o [3]
__cmain                  0x800'0d31         Code  Gb  cmain.o [3]
__exit                   0x800'0d65   0x14  Code  Gb  exit.o [4]
__iar_Memset             0x800'0c59         Code  Gb  ABImemset.o [3]
__iar_Memset_word        0x800'0c61         Code  Gb  ABImemset.o [3]
__iar_data_init3         0x800'0cf9   0x28  Code  Gb  data_init.o [3]
__iar_packbits_init_single3
                         0x800'0cbf   0x38  Code  Gb  packbits_init_single.o [3]
__iar_program_start      0x800'0dc1         Code  Gb  cstartup_M.o [3]
__iar_small_uldivmod     0x800'062d         Code  Gb  I64DivMod_small.o [3]
__low_level_init         0x800'0d4f    0x4  Code  Gb  low_level_init.o [2]
__vector_table           0x800'0000         Data  Gb  startup_stm32f205xx.o [1]
_call_main               0x800'0d3d         Code  Gb  cmain.o [3]
_exit                    0x800'0d59         Code  Gb  cexit.o [3]
_main                    0x800'0d4b         Code  Gb  cmain.o [3]
convert                  0x800'0aa5   0x24  Code  Gb  uart.o [1]
count                   0x2000'0020    0x4  Data  Gb  main.o [1]
exit                     0x800'0d53    0x4  Code  Gb  exit.o [2]
gpio_init                0x800'099f   0x54  Code  Gb  gpio.o [1]
gpio_read                0x800'09f3    0xa  Code  Gb  gpio.o [1]
gpio_write               0x800'09fd   0x1a  Code  Gb  gpio.o [1]
main                     0x800'088f   0xdc  Code  Gb  main.o [1]
memset                   0x800'0c45   0x14  Code  Gb  memset.o [3]
system_clock_peripheral_init
                         0x800'0afd   0x44  Code  Gb  clock.o [1]
temp                    0x2000'001c    0x4  Data  Gb  main.o [1]
time20ms                0x2000'0010    0x4  Data  Gb  main.o [1]
timer1_init              0x800'0b95   0x32  Code  Gb  timer.o [1]
timer2_init              0x800'0bc7   0x32  Code  Gb  timer.o [1]
uart2_init               0x800'0a19   0x7e  Code  Gb  uart.o [1]
uwTick                  0x2000'0004    0x4  Data  Gb  stm32f2xx_hal.o [1]
uwTickFreq              0x2000'0000    0x1  Data  Gb  stm32f2xx_hal.o [1]
uwTickPrio              0x2000'0008    0x4  Data  Gb  stm32f2xx_hal.o [1]


[1] = D:\STM32\thuchanhHK2\stm32f205vct6_source\EWARM\stm32f205vct6_source\Obj
[2] = dl7M_tlf.a
[3] = rt7M_tl.a
[4] = shb_l.a

  3'812 bytes of readonly  code memory
     29 bytes of readonly  data memory
  1'060 bytes of readwrite data memory

Errors: none
Warnings: none
